Grek error: invalid command syntax: Expected number, got: -A
