File: src/test/resources/grek/text1.txt
<...>
Когда внизу сошлись печаль и я --
              ^
<...>
В тылу шла жизнь. Дворы тонули в скверне,
       ^
Весну за взлом судили, шли к вечерне,
                       ^
<...>
