File: src/test/resources/grek/text1.txt
<...>
Таков был номер дома рокового,
Когда внизу сошлись печаль и я --
Участники похода такового.
Образовался странный авангард.
                     ^
В тылу шла жизнь. Дворы тонули в скверне,
Весну за взлом судили, шли к вечерне,
И паперти косил повальный март.
<...>
